Archive member included to satisfy reference by file (symbol)

d:/atmel/studio/7.0/toolchain/avr8/avr8-gnu-toolchain/bin/../lib/gcc/avr/5.4.0/avr5\libgcc.a(_exit.o)
                              D:/Atmel/Studio/7.0/Packs/atmel/ATmega_DFP/1.3.300/gcc/dev/atmega644pa/avr5/crtatmega644pa.o (exit)
d:/atmel/studio/7.0/toolchain/avr8/avr8-gnu-toolchain/bin/../lib/gcc/avr/5.4.0/avr5\libgcc.a(_tablejump2.o)
                              main.o (__tablejump2__)
d:/atmel/studio/7.0/toolchain/avr8/avr8-gnu-toolchain/bin/../lib/gcc/avr/5.4.0/avr5\libgcc.a(_cmpdi2_s8.o)
                              ds18b20.o (__cmpdi2_s8)

Discarded input sections

 .data          0x00000000        0x0 D:/Atmel/Studio/7.0/Packs/atmel/ATmega_DFP/1.3.300/gcc/dev/atmega644pa/avr5/crtatmega644pa.o
 .bss           0x00000000        0x0 D:/Atmel/Studio/7.0/Packs/atmel/ATmega_DFP/1.3.300/gcc/dev/atmega644pa/avr5/crtatmega644pa.o
 .text          0x00000000        0x0 communication.o
 .data          0x00000000        0x0 communication.o
 .bss           0x00000000        0x0 communication.o
 .text._ZN9SPI_class10SPIdisableEv
                0x00000000        0xe communication.o
 .text          0x00000000        0x0 ds18b20.o
 .data          0x00000000        0x0 ds18b20.o
 .bss           0x00000000        0x0 ds18b20.o
 .text._ZN7ds18b20D2Ev
                0x00000000        0x4 ds18b20.o
 .text._ZN7ds18b2014initializationEv
                0x00000000       0x18 ds18b20.o
 .text._ZN7ds18b205resetEv
                0x00000000       0x44 ds18b20.o
 .text._ZN7ds18b2014writeSingleBitEb
                0x00000000       0x50 ds18b20.o
 .text._ZN7ds18b2013readSingleBitEv
                0x00000000       0x38 ds18b20.o
 .text._ZN7ds18b2014searchAddresesEPxi
                0x00000000      0x1d8 ds18b20.o
 .text._ZN7ds18b2012calculateCRCExh
                0x00000000       0x60 ds18b20.o
 .text._ZN7ds18b2016readSingleAddresEv
                0x00000000        0x2 ds18b20.o
 .text._ZN7ds18b2012writeCommandEPxh
                0x00000000       0x90 ds18b20.o
 .text._ZN7ds18b209writeByteEh
                0x00000000       0x42 ds18b20.o
 .text._ZN7ds18b208readByteEv
                0x00000000       0x3a ds18b20.o
 .text._ZN7ds18b208readDataEh
                0x00000000       0xa2 ds18b20.o
 .text          0x00000000        0x0 hd44780.o
 .data          0x00000000        0x0 hd44780.o
 .bss           0x00000000        0x0 hd44780.o
 .text._ZN7hd4478013LCD_WriteTextEPc
                0x00000000       0x2a hd44780.o
 .text._ZN7hd447806goToXYEhh
                0x00000000        0xe hd44780.o
 .text._ZN7hd4478015writingSettingsEbb
                0x00000000       0x12 hd44780.o
 .text._ZN7hd4478021displayCursorSettingsEbbb
                0x00000000       0x1c hd44780.o
 .text._ZN7hd447808shiftingEbb
                0x00000000       0x12 hd44780.o
 .text._ZN7hd4478015generalSettingsEbbb
                0x00000000       0x16 hd44780.o
 .text          0x00000000        0x0 main.o
 .data          0x00000000        0x0 main.o
 .bss           0x00000000        0x0 main.o
 .text._Z8writeHexhP7hd44780
                0x00000000       0x5c main.o
 .progmem.gcc_sw_table._Z8writeHexhP7hd44780
                0x00000000       0x20 main.o
 .text          0x00000000        0x0 nRF24L01_lib.o
 .data          0x00000000        0x0 nRF24L01_lib.o
 .bss           0x00000000        0x0 nRF24L01_lib.o
 .comment       0x00000000       0x31 nRF24L01_lib.o
 .text          0x00000000        0x0 PinControl.o
 .data          0x00000000        0x0 PinControl.o
 .bss           0x00000000        0x0 PinControl.o
 .text._ZN10PinControlD2Ev
                0x00000000        0x2 PinControl.o
 .text._ZN10PinControl7readPinEv
                0x00000000       0x24 PinControl.o
 .text          0x00000000        0x0 PortControl.o
 .data          0x00000000        0x0 PortControl.o
 .bss           0x00000000        0x0 PortControl.o
 .text._ZN11PortControlC2EPVh
                0x00000000       0x18 PortControl.o
 .text._ZN11PortControlD2Ev
                0x00000000        0x2 PortControl.o
 .text._ZN11PortControl9writePortEh
                0x00000000        0xa PortControl.o
 .text._ZN11PortControl8readPortEv
                0x00000000        0xa PortControl.o
 .text._ZN11PortControl14setPortAsInputEv
                0x00000000       0x10 PortControl.o
 .text._ZN11PortControl15stePortAsOutputEv
                0x00000000        0xe PortControl.o
 .comment       0x00000000       0x31 PortControl.o
 .text          0x00000000        0x0 timerCounterN.o
 .data          0x00000000        0x0 timerCounterN.o
 .bss           0x00000000        0x0 timerCounterN.o
 .text._ZN13timerCounterNC2EPVhS1_
                0x00000000       0x3c timerCounterN.o
 .text._ZN13timerCounterN8delay_usEl
                0x00000000       0x62 timerCounterN.o
 .text._ZN13timerCounterN12stopCountingEv
                0x00000000       0x12 timerCounterN.o
 .text._ZN13timerCounterN13prescalerCalcEl
                0x00000000       0x1c timerCounterN.o
 .comment       0x00000000       0x31 timerCounterN.o
 .text          0x00000000        0x0 d:/atmel/studio/7.0/toolchain/avr8/avr8-gnu-toolchain/bin/../lib/gcc/avr/5.4.0/avr5\libgcc.a(_exit.o)
 .data          0x00000000        0x0 d:/atmel/studio/7.0/toolchain/avr8/avr8-gnu-toolchain/bin/../lib/gcc/avr/5.4.0/avr5\libgcc.a(_exit.o)
 .bss           0x00000000        0x0 d:/atmel/studio/7.0/toolchain/avr8/avr8-gnu-toolchain/bin/../lib/gcc/avr/5.4.0/avr5\libgcc.a(_exit.o)
 .text.libgcc.mul
                0x00000000        0x0 d:/atmel/studio/7.0/toolchain/avr8/avr8-gnu-toolchain/bin/../lib/gcc/avr/5.4.0/avr5\libgcc.a(_exit.o)
 .text.libgcc.div
                0x00000000        0x0 d:/atmel/studio/7.0/toolchain/avr8/avr8-gnu-toolchain/bin/../lib/gcc/avr/5.4.0/avr5\libgcc.a(_exit.o)
 .text.libgcc   0x00000000        0x0 d:/atmel/studio/7.0/toolchain/avr8/avr8-gnu-toolchain/bin/../lib/gcc/avr/5.4.0/avr5\libgcc.a(_exit.o)
 .text.libgcc.prologue
                0x00000000        0x0 d:/atmel/studio/7.0/toolchain/avr8/avr8-gnu-toolchain/bin/../lib/gcc/avr/5.4.0/avr5\libgcc.a(_exit.o)
 .text.libgcc.builtins
                0x00000000        0x0 d:/atmel/studio/7.0/toolchain/avr8/avr8-gnu-toolchain/bin/../lib/gcc/avr/5.4.0/avr5\libgcc.a(_exit.o)
 .text.libgcc.fmul
                0x00000000        0x0 d:/atmel/studio/7.0/toolchain/avr8/avr8-gnu-toolchain/bin/../lib/gcc/avr/5.4.0/avr5\libgcc.a(_exit.o)
 .text.libgcc.fixed
                0x00000000        0x0 d:/atmel/studio/7.0/toolchain/avr8/avr8-gnu-toolchain/bin/../lib/gcc/avr/5.4.0/avr5\libgcc.a(_exit.o)
 .text          0x00000000        0x0 d:/atmel/studio/7.0/toolchain/avr8/avr8-gnu-toolchain/bin/../lib/gcc/avr/5.4.0/avr5\libgcc.a(_tablejump2.o)
 .data          0x00000000        0x0 d:/atmel/studio/7.0/toolchain/avr8/avr8-gnu-toolchain/bin/../lib/gcc/avr/5.4.0/avr5\libgcc.a(_tablejump2.o)
 .bss           0x00000000        0x0 d:/atmel/studio/7.0/toolchain/avr8/avr8-gnu-toolchain/bin/../lib/gcc/avr/5.4.0/avr5\libgcc.a(_tablejump2.o)
 .text.libgcc.mul
                0x00000000        0x0 d:/atmel/studio/7.0/toolchain/avr8/avr8-gnu-toolchain/bin/../lib/gcc/avr/5.4.0/avr5\libgcc.a(_tablejump2.o)
 .text.libgcc.div
                0x00000000        0x0 d:/atmel/studio/7.0/toolchain/avr8/avr8-gnu-toolchain/bin/../lib/gcc/avr/5.4.0/avr5\libgcc.a(_tablejump2.o)
 .text.libgcc   0x00000000        0xc d:/atmel/studio/7.0/toolchain/avr8/avr8-gnu-toolchain/bin/../lib/gcc/avr/5.4.0/avr5\libgcc.a(_tablejump2.o)
 .text.libgcc.prologue
                0x00000000        0x0 d:/atmel/studio/7.0/toolchain/avr8/avr8-gnu-toolchain/bin/../lib/gcc/avr/5.4.0/avr5\libgcc.a(_tablejump2.o)
 .text.libgcc.builtins
                0x00000000        0x0 d:/atmel/studio/7.0/toolchain/avr8/avr8-gnu-toolchain/bin/../lib/gcc/avr/5.4.0/avr5\libgcc.a(_tablejump2.o)
 .text.libgcc.fmul
                0x00000000        0x0 d:/atmel/studio/7.0/toolchain/avr8/avr8-gnu-toolchain/bin/../lib/gcc/avr/5.4.0/avr5\libgcc.a(_tablejump2.o)
 .text.libgcc.fixed
                0x00000000        0x0 d:/atmel/studio/7.0/toolchain/avr8/avr8-gnu-toolchain/bin/../lib/gcc/avr/5.4.0/avr5\libgcc.a(_tablejump2.o)
 .text          0x00000000        0x0 d:/atmel/studio/7.0/toolchain/avr8/avr8-gnu-toolchain/bin/../lib/gcc/avr/5.4.0/avr5\libgcc.a(_cmpdi2_s8.o)
 .data          0x00000000        0x0 d:/atmel/studio/7.0/toolchain/avr8/avr8-gnu-toolchain/bin/../lib/gcc/avr/5.4.0/avr5\libgcc.a(_cmpdi2_s8.o)
 .bss           0x00000000        0x0 d:/atmel/studio/7.0/toolchain/avr8/avr8-gnu-toolchain/bin/../lib/gcc/avr/5.4.0/avr5\libgcc.a(_cmpdi2_s8.o)
 .text.libgcc.mul
                0x00000000        0x0 d:/atmel/studio/7.0/toolchain/avr8/avr8-gnu-toolchain/bin/../lib/gcc/avr/5.4.0/avr5\libgcc.a(_cmpdi2_s8.o)
 .text.libgcc.div
                0x00000000        0x0 d:/atmel/studio/7.0/toolchain/avr8/avr8-gnu-toolchain/bin/../lib/gcc/avr/5.4.0/avr5\libgcc.a(_cmpdi2_s8.o)
 .text.libgcc   0x00000000       0x18 d:/atmel/studio/7.0/toolchain/avr8/avr8-gnu-toolchain/bin/../lib/gcc/avr/5.4.0/avr5\libgcc.a(_cmpdi2_s8.o)
 .text.libgcc.prologue
                0x00000000        0x0 d:/atmel/studio/7.0/toolchain/avr8/avr8-gnu-toolchain/bin/../lib/gcc/avr/5.4.0/avr5\libgcc.a(_cmpdi2_s8.o)
 .text.libgcc.builtins
                0x00000000        0x0 d:/atmel/studio/7.0/toolchain/avr8/avr8-gnu-toolchain/bin/../lib/gcc/avr/5.4.0/avr5\libgcc.a(_cmpdi2_s8.o)
 .text.libgcc.fmul
                0x00000000        0x0 d:/atmel/studio/7.0/toolchain/avr8/avr8-gnu-toolchain/bin/../lib/gcc/avr/5.4.0/avr5\libgcc.a(_cmpdi2_s8.o)
 .text.libgcc.fixed
                0x00000000        0x0 d:/atmel/studio/7.0/toolchain/avr8/avr8-gnu-toolchain/bin/../lib/gcc/avr/5.4.0/avr5\libgcc.a(_cmpdi2_s8.o)

Memory Configuration

Name             Origin             Length             Attributes
text             0x00000000         0x00020000         xr
data             0x00800060         0x0000ffa0         rw !x
eeprom           0x00810000         0x00010000         rw !x
fuse             0x00820000         0x00000003         rw !x
lock             0x00830000         0x00000400         rw !x
signature        0x00840000         0x00000400         rw !x
user_signatures  0x00850000         0x00000400         rw !x
*default*        0x00000000         0xffffffff

Linker script and memory map

Address of section .data set to 0x800100
LOAD D:/Atmel/Studio/7.0/Packs/atmel/ATmega_DFP/1.3.300/gcc/dev/atmega644pa/avr5/crtatmega644pa.o
LOAD communication.o
LOAD ds18b20.o
LOAD hd44780.o
LOAD main.o
LOAD nRF24L01_lib.o
LOAD PinControl.o
LOAD PortControl.o
LOAD timerCounterN.o
START GROUP
LOAD d:/atmel/studio/7.0/toolchain/avr8/avr8-gnu-toolchain/bin/../lib/gcc/avr/5.4.0/../../../../avr/lib/avr5\libm.a
END GROUP
LOAD d:/atmel/studio/7.0/toolchain/avr8/avr8-gnu-toolchain/bin/../lib/gcc/avr/5.4.0/avr5\libgcc.a
LOAD d:/atmel/studio/7.0/toolchain/avr8/avr8-gnu-toolchain/bin/../lib/gcc/avr/5.4.0/../../../../avr/lib/avr5\libm.a
START GROUP
LOAD d:/atmel/studio/7.0/toolchain/avr8/avr8-gnu-toolchain/bin/../lib/gcc/avr/5.4.0/avr5\libgcc.a
LOAD d:/atmel/studio/7.0/toolchain/avr8/avr8-gnu-toolchain/bin/../lib/gcc/avr/5.4.0/../../../../avr/lib/avr5\libm.a
LOAD d:/atmel/studio/7.0/toolchain/avr8/avr8-gnu-toolchain/bin/../lib/gcc/avr/5.4.0/../../../../avr/lib/avr5\libc.a
LOAD D:/Atmel/Studio/7.0/Packs/atmel/ATmega_DFP/1.3.300/gcc/dev/atmega644pa/avr5\libatmega644pa.a
END GROUP
                0x00000000                __TEXT_REGION_ORIGIN__ = DEFINED (__TEXT_REGION_ORIGIN__)?__TEXT_REGION_ORIGIN__:0x0
                0x00800060                __DATA_REGION_ORIGIN__ = DEFINED (__DATA_REGION_ORIGIN__)?__DATA_REGION_ORIGIN__:0x800060
                0x00020000                __TEXT_REGION_LENGTH__ = DEFINED (__TEXT_REGION_LENGTH__)?__TEXT_REGION_LENGTH__:0x20000
                0x0000ffa0                __DATA_REGION_LENGTH__ = DEFINED (__DATA_REGION_LENGTH__)?__DATA_REGION_LENGTH__:0xffa0
                0x00010000                __EEPROM_REGION_LENGTH__ = DEFINED (__EEPROM_REGION_LENGTH__)?__EEPROM_REGION_LENGTH__:0x10000
                [0x00000003]                __FUSE_REGION_LENGTH__ = DEFINED (__FUSE_REGION_LENGTH__)?__FUSE_REGION_LENGTH__:0x400
                0x00000400                __LOCK_REGION_LENGTH__ = DEFINED (__LOCK_REGION_LENGTH__)?__LOCK_REGION_LENGTH__:0x400
                0x00000400                __SIGNATURE_REGION_LENGTH__ = DEFINED (__SIGNATURE_REGION_LENGTH__)?__SIGNATURE_REGION_LENGTH__:0x400
                0x00000400                __USER_SIGNATURE_REGION_LENGTH__ = DEFINED (__USER_SIGNATURE_REGION_LENGTH__)?__USER_SIGNATURE_REGION_LENGTH__:0x400

.hash
 *(.hash)

.dynsym
 *(.dynsym)

.dynstr
 *(.dynstr)

.gnu.version
 *(.gnu.version)

.gnu.version_d
 *(.gnu.version_d)

.gnu.version_r
 *(.gnu.version_r)

.rel.init
 *(.rel.init)

.rela.init
 *(.rela.init)

.rel.text
 *(.rel.text)
 *(.rel.text.*)
 *(.rel.gnu.linkonce.t*)

.rela.text
 *(.rela.text)
 *(.rela.text.*)
 *(.rela.gnu.linkonce.t*)

.rel.fini
 *(.rel.fini)

.rela.fini
 *(.rela.fini)

.rel.rodata
 *(.rel.rodata)
 *(.rel.rodata.*)
 *(.rel.gnu.linkonce.r*)

.rela.rodata
 *(.rela.rodata)
 *(.rela.rodata.*)
 *(.rela.gnu.linkonce.r*)

.rel.data
 *(.rel.data)
 *(.rel.data.*)
 *(.rel.gnu.linkonce.d*)

.rela.data
 *(.rela.data)
 *(.rela.data.*)
 *(.rela.gnu.linkonce.d*)

.rel.ctors
 *(.rel.ctors)

.rela.ctors
 *(.rela.ctors)

.rel.dtors
 *(.rel.dtors)

.rela.dtors
 *(.rela.dtors)

.rel.got
 *(.rel.got)

.rela.got
 *(.rela.got)

.rel.bss
 *(.rel.bss)

.rela.bss
 *(.rela.bss)

.rel.plt
 *(.rel.plt)

.rela.plt
 *(.rela.plt)

.text           0x00000000      0x8e2
 *(.vectors)
 .vectors       0x00000000       0x7c D:/Atmel/Studio/7.0/Packs/atmel/ATmega_DFP/1.3.300/gcc/dev/atmega644pa/avr5/crtatmega644pa.o
                0x00000000                __vector_default
                0x00000000                __vectors
 *(.vectors)
 *(.progmem.gcc*)
                0x0000007c                . = ALIGN (0x2)
                0x0000007c                __trampolines_start = .
 *(.trampolines)
 .trampolines   0x0000007c        0x0 linker stubs
 *(.trampolines*)
                0x0000007c                __trampolines_end = .
 *libprintf_flt.a:*(.progmem.data)
 *libc.a:*(.progmem.data)
 *(.progmem*)
                0x0000007c                . = ALIGN (0x2)
 *(.jumptables)
 *(.jumptables*)
 *(.lowtext)
 *(.lowtext*)
                0x0000007c                __ctors_start = .
 *(.ctors)
                0x0000007c                __ctors_end = .
                0x0000007c                __dtors_start = .
 *(.dtors)
                0x0000007c                __dtors_end = .
 SORT(*)(.ctors)
 SORT(*)(.dtors)
 *(.init0)
 .init0         0x0000007c        0x0 D:/Atmel/Studio/7.0/Packs/atmel/ATmega_DFP/1.3.300/gcc/dev/atmega644pa/avr5/crtatmega644pa.o
                0x0000007c                __init
 *(.init0)
 *(.init1)
 *(.init1)
 *(.init2)
 .init2         0x0000007c        0xc D:/Atmel/Studio/7.0/Packs/atmel/ATmega_DFP/1.3.300/gcc/dev/atmega644pa/avr5/crtatmega644pa.o
 *(.init2)
 *(.init3)
 *(.init3)
 *(.init4)
 *(.init4)
 *(.init5)
 *(.init5)
 *(.init6)
 *(.init6)
 *(.init7)
 *(.init7)
 *(.init8)
 *(.init8)
 *(.init9)
 .init9         0x00000088        0x8 D:/Atmel/Studio/7.0/Packs/atmel/ATmega_DFP/1.3.300/gcc/dev/atmega644pa/avr5/crtatmega644pa.o
 *(.init9)
 *(.text)
 .text          0x00000090        0x4 D:/Atmel/Studio/7.0/Packs/atmel/ATmega_DFP/1.3.300/gcc/dev/atmega644pa/avr5/crtatmega644pa.o
                0x00000090                __vector_22
                0x00000090                __vector_28
                0x00000090                __vector_1
                0x00000090                __vector_24
                0x00000090                __vector_12
                0x00000090                __bad_interrupt
                0x00000090                __vector_6
                0x00000090                __vector_3
                0x00000090                __vector_23
                0x00000090                __vector_30
                0x00000090                __vector_25
                0x00000090                __vector_11
                0x00000090                __vector_13
                0x00000090                __vector_17
                0x00000090                __vector_19
                0x00000090                __vector_7
                0x00000090                __vector_27
                0x00000090                __vector_5
                0x00000090                __vector_4
                0x00000090                __vector_9
                0x00000090                __vector_2
                0x00000090                __vector_21
                0x00000090                __vector_15
                0x00000090                __vector_29
                0x00000090                __vector_8
                0x00000090                __vector_26
                0x00000090                __vector_14
                0x00000090                __vector_10
                0x00000090                __vector_16
                0x00000090                __vector_18
                0x00000090                __vector_20
                0x00000094                . = ALIGN (0x2)
 *(.text.*)
 .text._ZN9SPI_classC2EPVhhS1_hS1_hS1_hbhS1_bbbb
                0x00000094      0x266 communication.o
                0x00000094                _ZN9SPI_classC2EPVhhS1_hS1_hS1_hbhS1_bbbb
                0x00000094                _ZN9SPI_classC1EPVhhS1_hS1_hS1_hbhS1_bbbb
 .text._ZN9SPI_class9SPIenableEv
                0x000002fa       0x78 communication.o
                0x000002fa                _ZN9SPI_class9SPIenableEv
 .text._ZN9SPI_class9writeCharEc
                0x00000372        0xe communication.o
                0x00000372                _ZN9SPI_class9writeCharEc
 .text._ZN9SPI_class8readCharEv
                0x00000380        0xe communication.o
                0x00000380                _ZN9SPI_class8readCharEv
 .text._ZN7ds18b20C2EPVhh
                0x0000038e       0x34 ds18b20.o
                0x0000038e                _ZN7ds18b20C1EPVhh
                0x0000038e                _ZN7ds18b20C2EPVhh
 .text._ZN7hd44780C2EPVhhS1_hS1_hS1_hS1_hS1_h
                0x000003c2      0x126 hd44780.o
                0x000003c2                _ZN7hd44780C1EPVhhS1_hS1_hS1_hS1_hS1_h
                0x000003c2                _ZN7hd44780C2EPVhhS1_hS1_hS1_hS1_hS1_h
 .text._ZN7hd4478011setHalfDataEh
                0x000004e8       0x5a hd44780.o
                0x000004e8                _ZN7hd4478011setHalfDataEh
 .text._ZN7hd4478012WriteCommandEh
                0x00000542       0x5c hd44780.o
                0x00000542                _ZN7hd4478012WriteCommandEh
 .text._ZN7hd447809WriteDataEh
                0x0000059e       0x54 hd44780.o
                0x0000059e                _ZN7hd447809WriteDataEh
 .text._ZN7hd447805clearEv
                0x000005f2        0x6 hd44780.o
                0x000005f2                _ZN7hd447805clearEv
 .text._ZN7hd447806goHomeEv
                0x000005f8        0x6 hd44780.o
                0x000005f8                _ZN7hd447806goHomeEv
 .text._ZN7hd4478013LCD_InitalizeEv
                0x000005fe      0x102 hd44780.o
                0x000005fe                _ZN7hd4478013LCD_InitalizeEv
 .text.startup.main
                0x00000700      0x126 main.o
                0x00000700                main
 .text._ZN10PinControlC2Ev
                0x00000826        0x2 PinControl.o
                0x00000826                _ZN10PinControlC1Ev
                0x00000826                _ZN10PinControlC2Ev
 .text._ZN10PinControl14initializationEPVhh
                0x00000828       0x1a PinControl.o
                0x00000828                _ZN10PinControl14initializationEPVhh
 .text._ZN10PinControl6setPinEv
                0x00000842       0x24 PinControl.o
                0x00000842                _ZN10PinControl6setPinEv
 .text._ZN10PinControl8clearPinEv
                0x00000866       0x28 PinControl.o
                0x00000866                _ZN10PinControl8clearPinEv
 .text._ZN10PinControl11setAsOutputEv
                0x0000088e       0x26 PinControl.o
                0x0000088e                _ZN10PinControl11setAsOutputEv
 .text._ZN10PinControl10setAsInputEv
                0x000008b4       0x2a PinControl.o
                0x000008b4                _ZN10PinControl10setAsInputEv
                0x000008de                . = ALIGN (0x2)
 *(.fini9)
 .fini9         0x000008de        0x0 d:/atmel/studio/7.0/toolchain/avr8/avr8-gnu-toolchain/bin/../lib/gcc/avr/5.4.0/avr5\libgcc.a(_exit.o)
                0x000008de                _exit
                0x000008de                exit
 *(.fini9)
 *(.fini8)
 *(.fini8)
 *(.fini7)
 *(.fini7)
 *(.fini6)
 *(.fini6)
 *(.fini5)
 *(.fini5)
 *(.fini4)
 *(.fini4)
 *(.fini3)
 *(.fini3)
 *(.fini2)
 *(.fini2)
 *(.fini1)
 *(.fini1)
 *(.fini0)
 .fini0         0x000008de        0x4 d:/atmel/studio/7.0/toolchain/avr8/avr8-gnu-toolchain/bin/../lib/gcc/avr/5.4.0/avr5\libgcc.a(_exit.o)
 *(.fini0)
                0x000008e2                _etext = .

.data           0x00800100        0x0 load address 0x000008e2
                [!provide]                PROVIDE (__data_start, .)
 *(.data)
 *(.data*)
 *(.gnu.linkonce.d*)
 *(.rodata)
 *(.rodata*)
 *(.gnu.linkonce.r*)
                0x00800100                . = ALIGN (0x2)
                0x00800100                _edata = .
                [!provide]                PROVIDE (__data_end, .)

.bss            0x00800100        0x0
                [!provide]                PROVIDE (__bss_start, .)
 *(.bss)
 *(.bss*)
 *(COMMON)
                [!provide]                PROVIDE (__bss_end, .)
                0x000008e2                __data_load_start = LOADADDR (.data)
                0x000008e2                __data_load_end = (__data_load_start + SIZEOF (.data))

.noinit         0x00800100        0x0
                [!provide]                PROVIDE (__noinit_start, .)
 *(.noinit*)
                [!provide]                PROVIDE (__noinit_end, .)
                0x00800100                _end = .
                [!provide]                PROVIDE (__heap_start, .)

.eeprom         0x00810000        0x0
 *(.eeprom*)
                0x00810000                __eeprom_end = .

.fuse
 *(.fuse)
 *(.lfuse)
 *(.hfuse)
 *(.efuse)

.lock
 *(.lock*)

.signature
 *(.signature*)

.user_signatures
 *(.user_signatures*)

.stab
 *(.stab)

.stabstr
 *(.stabstr)

.stab.excl
 *(.stab.excl)

.stab.exclstr
 *(.stab.exclstr)

.stab.index
 *(.stab.index)

.stab.indexstr
 *(.stab.indexstr)

.comment        0x00000000       0x30
 *(.comment)
 .comment       0x00000000       0x30 communication.o
                                 0x31 (size before relaxing)
 .comment       0x00000030       0x31 ds18b20.o
 .comment       0x00000030       0x31 hd44780.o
 .comment       0x00000030       0x31 main.o
 .comment       0x00000030       0x31 PinControl.o

.note.gnu.avr.deviceinfo
                0x00000000       0x40
 .note.gnu.avr.deviceinfo
                0x00000000       0x40 D:/Atmel/Studio/7.0/Packs/atmel/ATmega_DFP/1.3.300/gcc/dev/atmega644pa/avr5/crtatmega644pa.o

.note.gnu.build-id
 *(.note.gnu.build-id)

.debug
 *(.debug)

.line
 *(.line)

.debug_srcinfo
 *(.debug_srcinfo)

.debug_sfnames
 *(.debug_sfnames)

.debug_aranges
 *(.debug_aranges)

.debug_pubnames
 *(.debug_pubnames)

.debug_info     0x00000000      0x6cc
 *(.debug_info .gnu.linkonce.wi.*)
 .debug_info    0x00000000      0x6cc D:/Atmel/Studio/7.0/Packs/atmel/ATmega_DFP/1.3.300/gcc/dev/atmega644pa/avr5/crtatmega644pa.o

.debug_abbrev   0x00000000      0x66e
 *(.debug_abbrev)
 .debug_abbrev  0x00000000      0x66e D:/Atmel/Studio/7.0/Packs/atmel/ATmega_DFP/1.3.300/gcc/dev/atmega644pa/avr5/crtatmega644pa.o

.debug_line     0x00000000      0x151
 *(.debug_line .debug_line.* .debug_line_end)
 .debug_line    0x00000000      0x151 D:/Atmel/Studio/7.0/Packs/atmel/ATmega_DFP/1.3.300/gcc/dev/atmega644pa/avr5/crtatmega644pa.o

.debug_frame
 *(.debug_frame)

.debug_str      0x00000000      0x252
 *(.debug_str)
 .debug_str     0x00000000      0x252 D:/Atmel/Studio/7.0/Packs/atmel/ATmega_DFP/1.3.300/gcc/dev/atmega644pa/avr5/crtatmega644pa.o

.debug_loc
 *(.debug_loc)

.debug_macinfo
 *(.debug_macinfo)

.debug_weaknames
 *(.debug_weaknames)

.debug_funcnames
 *(.debug_funcnames)

.debug_typenames
 *(.debug_typenames)

.debug_varnames
 *(.debug_varnames)

.debug_pubtypes
 *(.debug_pubtypes)

.debug_ranges
 *(.debug_ranges)

.debug_macro
 *(.debug_macro)
OUTPUT(obsluga_kolumny.elf elf32-avr)
LOAD linker stubs
